[bragg.mx/index.html]
[backblue.gif]
[fade.gif]
[index.html]
[bragg.mx/wp-content/uploads/2023/09/ITCFranklinGothicStd-Hvy.woff2]
[bragg.mx/wp-content/uploads/2023/09/ITCFranklinGothicStd-Hvy.woff]
[bragg.mx/wp-content/uploads/2023/09/ITCFranklinGothicStd-Hvy.ttf]
[bragg.mx/wp-content/uploads/2023/09/ITCFranklinGothicStd-Hvyd41d.eot]
[bragg.mx/comments/feed/index.html]
[bragg.mx/feed/index.html]
[bragg.mx/wp-includes/js/dist/vendor/wp-polyfill-inert.min0226.js]
[bragg.mx/wp-includes/js/dist/vendor/regenerator-runtime.min6c85.js]
[bragg.mx/wp-includes/js/dist/vendor/wp-polyfill.min2c7c.js]
[bragg.mx/wp-includes/js/dist/hooks.min2ebd.js]
[bragg.mx/wp-includes/js/jquery/jquery.minf43b.js]
[bragg.mx/wp-includes/js/jquery/jquery-migrate.min5589.js]
[bragg.mx/wp-content/plugins/woocommerce/assets/js/jquery-blockui/jquery.blockUI.minb8c8.js]
[bragg.mx/wp-content/plugins/woocommerce/assets/js/frontend/add-to-cart.min2678.js]
[bragg.mx/wp-content/plugins/woocommerce/assets/js/js-cookie/js.cookie.min48a0.js]
[bragg.mx/wp-content/plugins/woocommerce/assets/js/frontend/woocommerce.min2678.js]
[bragg.mx/wp-json/wp/v2/pages/194.json]
[bragg.mx/wp-json/index.html]
[bragg.mx/xmlrpc0db0.php]
[bragg.mx/wp-json/oembed/1.0/embeda55f.json]
[bragg.mx/wp-json/oembed/1.0/embed1a1f]
[bragg.mx/wp-content/uploads/2023/09/cropped-favicon-32x32.png]
[bragg.mx/wp-content/uploads/2023/09/cropped-favicon-192x192.png]
[bragg.mx/wp-content/uploads/2023/09/cropped-favicon-180x180.png]
[bragg.mx/recetas/index.html]
[bragg.mx/acerca-de/index.html]
[bragg.mx/wellness/index.html]
[bragg.mx/productos/index.html]
[bragg.mx/wp-content/plugins/revslider/public/assets/assets/dummy.png]
[bragg.mx/contacto/index.html]
[bragg.mx/wp-content/uploads/2023/08/FM199BI341_SVCBOCLA10_IMD.jpg]
[bragg.mx/producto/aminos-liquidos/index.html]
[bragg.mx/producto/vinagre-de-manzana/index.html]
[bragg.mx/wp-content/uploads/2024/01/vinagre-de-manzana-front-473-2.jpg]
[bragg.mx/producto/levadura-nutricional-sin-gluten/index.html]
[bragg.mx/wp-content/uploads/2023/08/Aceite_SVCBOO_Extra_Virgin_Olive_Oil_IMD.jpg]
[bragg.mx/wp-content/uploads/2023/08/time-bragg2.jpg]
[bragg.mx/producto/aminos-de-coco/index.html]
[bragg.mx/wp-content/uploads/2023/08/tratamiento-para-pies.jpg]
[bragg.mx/producto/aceite-de-oliva/index.html]
[bragg.mx/wp-content/uploads/2023/08/Desintoxica-tu-piel-como-una-experta-3.jpg]
[bragg.mx/tratamiento-para-pies-con-vinagre-de-sidra-de-manzana-2/index.html]
[bragg.mx/wp-content/uploads/2023/08/logo-walmart.png]
[bragg.mx/category/wellness/index.html]
[bragg.mx/desintoxica-tu-piel-como-una-experta/index.html]
[bragg.mx/wp-content/uploads/2023/08/soriana.png]
[bragg.mx/wp-content/uploads/2023/08/san-pablo.png]
[bragg.mx/wp-content/uploads/2023/08/walmart.png]
[bragg.mx/wp-content/uploads/2023/08/ley.png]
[bragg.mx/wp-content/uploads/2023/08/heb.png]
[bragg.mx/wp-content/uploads/2023/08/city-market.png]
[bragg.mx/wp-content/uploads/2023/08/chedraui.png]
[bragg.mx/wp-content/uploads/2023/08/amazon.png]
[bragg.mx/wp-content/plugins/revslider/public/assets/fonts/revicons/revicons90c6.woff]
[bragg.mx/aviso-de-privacidad/index.html]
[bragg.mx/terminos-y-condiciones/index.html]
[bragg.mx/wp-content/plugins/revslider/public/assets/js/rbtools.min847e.js]
[bragg.mx/wp-content/plugins/revslider/public/assets/js/rs6.min847e.js]
[bragg.mx/wp-content/themes/hello-elementor/assets/js/hello-frontend.min6e0e.js]
[bragg.mx/wp-content/plugins/elementor-pro/assets/lib/smartmenus/jquery.smartmenus.minf269.js]
[bragg.mx/wp-includes/js/imagesloaded.minbb93.js]
[bragg.mx/wp-content/plugins/elementor-pro/assets/js/webpack-pro.runtime.minaad7.js]
[bragg.mx/wp-content/plugins/elementor/assets/js/webpack.runtime.minf3b2.js]
[bragg.mx/wp-content/plugins/elementor/assets/js/frontend-modules.minf3b2.js]
[bragg.mx/wp-includes/js/dist/i18n.minf92f.js]
[bragg.mx/wp-content/plugins/elementor-pro/assets/js/frontend.minaad7.js]
[bragg.mx/wp-content/plugins/elementor/assets/lib/waypoints/waypoints.min05da.js]
[bragg.mx/wp-includes/js/jquery/ui/core.min3f14.js]
[bragg.mx/wp-content/plugins/elementor/assets/js/frontend.minf3b2.js]
[bragg.mx/wp-content/plugins/elementor-pro/assets/js/elements-handlers.minaad7.js]
[bragg.mx/wp-content/plugins/elementor-pro/assets/lib/sticky/jquery.sticky.minaad7.js]
[bragg.mx/index.html]
[bragg.mx/wp-content/uploads/2023/09/ITCFranklinGothicStd-Hvy.svg]
[bragg.mx/wp-content/plugins/woocommerce/assets/css/woocommerce-layout2678.css]
[bragg.mx/wp-content/plugins/woocommerce/assets/css/woocommerce-smallscreen2678.css]
[bragg.mx/wp-content/plugins/woocommerce/assets/fonts/star.eot]
[bragg.mx/wp-content/plugins/woocommerce/assets/fonts/stard41d.eot]
[bragg.mx/wp-content/plugins/woocommerce/assets/fonts/star.woff]
[bragg.mx/wp-content/plugins/woocommerce/assets/fonts/star.ttf]
[bragg.mx/wp-content/plugins/woocommerce/assets/fonts/WooCommerce.eot]
[bragg.mx/wp-content/plugins/woocommerce/assets/fonts/WooCommerced41d.eot]
[bragg.mx/wp-content/plugins/woocommerce/assets/fonts/WooCommerce.woff]
[bragg.mx/wp-content/plugins/woocommerce/assets/fonts/WooCommerce.ttf]
[bragg.mx/wp-content/plugins/woocommerce/assets/css/woocommerce2678.css]
[bragg.mx/wp-content/plugins/wp-timelines/css/style-infographics5152.css]
[bragg.mx/wp-content/plugins/wp-timelines/css/font-awesome/fonts/fontawesome-webfont3e6e.eot]
[bragg.mx/wp-content/plugins/wp-timelines/css/font-awesome/fonts/fontawesome-webfontd41d.eot]
[bragg.mx/wp-content/plugins/wp-timelines/css/font-awesome/fonts/fontawesome-webfont3e6e.woff2]
[bragg.mx/wp-content/plugins/wp-timelines/css/font-awesome/fonts/fontawesome-webfont3e6e.woff]
[bragg.mx/wp-content/plugins/wp-timelines/css/font-awesome/fonts/fontawesome-webfont3e6e.ttf]
[bragg.mx/wp-content/plugins/wp-timelines/css/font-awesome/css/font-awesome.min84fc.css]
[bragg.mx/wp-content/plugins/wp-timelines/js/ex_s_lick/ex_s_lick84fc.css]
[bragg.mx/wp-content/plugins/wp-timelines/js/ex_s_lick/ajax-loader.gif]
[bragg.mx/wp-content/plugins/wp-timelines/js/ex_s_lick/fonts/ex_s_lick.eot]
[bragg.mx/wp-content/plugins/wp-timelines/js/ex_s_lick/fonts/ex_s_lickd41d.eot]
[bragg.mx/wp-content/plugins/wp-timelines/js/ex_s_lick/fonts/ex_s_lick.woff]
[bragg.mx/wp-content/plugins/wp-timelines/js/ex_s_lick/fonts/ex_s_lick.ttf]
[bragg.mx/wp-content/plugins/wp-timelines/js/ex_s_lick/ex_s_lick-theme84fc.css]
[bragg.mx/wp-content/plugins/wp-timelines/css/animate84fc.css]
[bragg.mx/wp-content/plugins/wp-timelines/css/style84fc.css]
[bragg.mx/wp-content/plugins/wp-timelines/css/style-sidebyside84fc.css]
[bragg.mx/wp-content/plugins/wp-timelines/css/horiz-stylecf1b.css]
[bragg.mx/wp-content/plugins/wp-timelines/css/dark84fc.css]
[bragg.mx/wp-content/themes/hello-elementor/style.min6e0e.css]
[bragg.mx/wp-content/themes/hello-elementor/theme.min6e0e.css]
[bragg.mx/wp-content/themes/hello-elementor/header-footer.min6e0e.css]
[bragg.mx/wp-content/plugins/elementor/assets/css/frontend-lite.minf3b2.css]
[bragg.mx/wp-content/uploads/elementor/css/post-130a7a8.css]
[bragg.mx/wp-content/plugins/elementor/assets/lib/eicons/fonts/eicons080a.eot]
[bragg.mx/wp-content/plugins/elementor/assets/lib/eicons/fonts/eicons080a.woff2]
[bragg.mx/wp-content/plugins/elementor/assets/lib/eicons/fonts/eicons080a.woff]
[bragg.mx/wp-content/plugins/elementor/assets/lib/eicons/fonts/eicons080a.ttf]
[bragg.mx/wp-content/plugins/elementor/assets/lib/eicons/css/elementor-icons.min7bb8.css]
[bragg.mx/wp-content/plugins/elementor/assets/lib/swiper/v8/css/swiper.min94a4.css]
[bragg.mx/wp-content/plugins/elementor-pro/assets/css/frontend-lite.minaad7.css]
[bragg.mx/wp-content/plugins/post-grid-elementor-addon/assets/css/main84fc.css]
[bragg.mx/wp-content/uploads/elementor/css/globala7a8.css]
[bragg.mx/wp-content/uploads/elementor/css/post-1949aa2.css]
[bragg.mx/wp-content/uploads/elementor/css/post-314a7a8.css]
[bragg.mx/wp-content/uploads/elementor/css/post-551a5dc.css]
[bragg.mx/wp-content/uploads/2023/10/Pop-up-Bragg.png]
[bragg.mx/wp-content/uploads/elementor/css/post-3176a7a8.css]
[bragg.mx/wp-content/uploads/elementor/css/post-135a7a8.css]
[bragg.mx/wp-content/uploads/elementor/css/post-14a7a8.css]
[bragg.mx/wp-content/plugins/elementor-pro/assets/css/woocommerce-notices.minaad7.css]
[bragg.mx/wp-content/plugins/elementor/assets/lib/font-awesome/css/fontawesome.min52d5.css]
[bragg.mx/wp-content/plugins/elementor/assets/lib/font-awesome/webfonts/fa-solid-900.eot]
[bragg.mx/wp-content/plugins/elementor/assets/lib/font-awesome/webfonts/fa-solid-900d41d.eot]
[bragg.mx/wp-content/plugins/elementor/assets/lib/font-awesome/webfonts/fa-solid-900.woff2]
[bragg.mx/wp-content/plugins/elementor/assets/lib/font-awesome/webfonts/fa-solid-900.woff]
[bragg.mx/wp-content/plugins/elementor/assets/lib/font-awesome/webfonts/fa-solid-900.ttf]
[bragg.mx/wp-content/plugins/elementor/assets/lib/font-awesome/css/solid.min52d5.css]
[bragg.mx/wp-content/plugins/elementor/assets/lib/font-awesome/webfonts/fa-brands-400.eot]
[bragg.mx/wp-content/plugins/elementor/assets/lib/font-awesome/webfonts/fa-brands-400d41d.eot]
[bragg.mx/wp-content/plugins/elementor/assets/lib/font-awesome/webfonts/fa-brands-400.woff2]
[bragg.mx/wp-content/plugins/elementor/assets/lib/font-awesome/webfonts/fa-brands-400.woff]
[bragg.mx/wp-content/plugins/elementor/assets/lib/font-awesome/webfonts/fa-brands-400.ttf]
[bragg.mx/wp-content/plugins/elementor/assets/lib/font-awesome/css/brands.min52d5.css]
[bragg.mx/wp-content/plugins/elementor-pro/assets/css/widget-nav-menu.min.css]
[bragg.mx/wp-json/wp/v2/pages/716.json]
[bragg.mx/wp-json/oembed/1.0/embed8ea2.json]
[bragg.mx/wp-json/oembed/1.0/embedf9bd]
[bragg.mx/wp-content/uploads/2023/08/bebida-de-vinagre-de-manzana-organica-con-canela-front.jpg]
[bragg.mx/wp-content/uploads/2023/08/bebida-de-vinagre-de-manzana-organica-con-granada-y-cereza-front.jpg]
[bragg.mx/producto/bebida-de-vinagre-de-manzana-organica-con-canela/index.html]
[bragg.mx/wp-content/uploads/2023/08/bebida-de-vinagre-de-manzana-organica-con-uva-y-jamaica-front.jpg]
[bragg.mx/producto/bebida-de-vinagre-de-manzana-organica-con-granada-y-cereza/index.html]
[bragg.mx/wp-content/uploads/2023/08/bebida-de-vinagre-de-manzana-organica-con-jengibre-limon-y-miel-front.jpg]
[bragg.mx/producto/bebida-de-vinagre-de-manzana-organica-con-uva-y-jamaica/index.html]
[bragg.mx/wp-content/uploads/2023/08/Bebida-de-vinagre-de-manzana-organica-con-mezcla-de-citricos-front.jpg]
[bragg.mx/producto/bebida-de-vinagre-de-manzana-organica-con-jengibre-limon-y-miel/index.html]
[bragg.mx/producto/bebida-de-vinagre-de-manzana-organica-con-mezcla-de-citricos/index.html]
[bragg.mx/wp-content/uploads/2023/08/bebida-de-vinagre-de-manzana-organica-con-miel-y-te-verde-front.jpg]
[bragg.mx/wp-content/uploads/2023/08/aminos-liquidos-front.jpg]
[bragg.mx/wp-content/uploads/2023/08/aminos-liquido-cover.jpg]
[bragg.mx/producto/bebida-de-vinagre-de-manzana-organica-con-miel-y-te-verde/index.html]
[bragg.mx/wp-content/uploads/2023/08/aderezo-organico-de-jengibre-y-ajonjoli-front.jpg]
[bragg.mx/wp-content/uploads/2023/08/levadura-nutricional-sin-gluten-front.jpg]
[bragg.mx/producto/aminos-liquidos-en-spray/index.html]
[bragg.mx/wp-content/uploads/2023/08/sazonador-de-levadura-nutricional-y-ajo-front.jpg]
[bragg.mx/producto/aderezo-organico-de-jengibre-y-ajonjoli/index.html]
[bragg.mx/wp-content/uploads/2023/08/levadura-nutricional-sin-gluten-sabor-bbq-front-1.jpg]
[bragg.mx/producto/levadura-nutricional-sin-gluten-sabor-ajo/index.html]
[bragg.mx/wp-content/uploads/2023/08/sazonador-24-hierbas-front.jpg]
[bragg.mx/producto/levadura-nutricional-sin-gluten-sabor-bbq/index.html]
[bragg.mx/wp-content/uploads/2023/09/shot-de-vinagre-de-manzana-con-jengibre-y-curcuma-front.jpg]
[bragg.mx/producto/sazonador-organico-24-hierbas/index.html]
[bragg.mx/wp-content/uploads/2023/08/vinagreta-organica-front.jpg]
[bragg.mx/producto/shot-de-vinagre-de-manzana-con-jengibre-y-curcuma/index.html]
[bragg.mx/wp-content/uploads/2023/08/vinagreta-organica-sin-aceite-front.jpg]
[bragg.mx/producto/vinagreta-organica/index.html]
[bragg.mx/wp-content/uploads/2023/08/branding-producto.jpg]
[bragg.mx/producto/vinagreta-organica-sin-aceite/index.html]
[bragg.mx/productos/index1006.html]
[bragg.mx/wp-content/plugins/wp-grid-builder/frontend/assets/js/polyfillsc245.js]
[bragg.mx/wp-content/plugins/wp-grid-builder/frontend/assets/js/facetsc245.js]
[bragg.mx/wp-content/plugins/wp-grid-builder-elementor/assets/js/elementor578f.js]
[bragg.mx/productos/index.html]
[bragg.mx/wp-json/wp/v2/pages/596.json]
[bragg.mx/wp-json/oembed/1.0/embed0d5b.json]
[bragg.mx/wp-json/oembed/1.0/embedb6a3]
[bragg.mx/wp-content/uploads/2023/12/acerca-de-bragg.jpg]
[bragg.mx/wp-content/uploads/2023/08/1912-07.jpg]
[bragg.mx/wp-content/uploads/2023/08/1912-07-320x220.jpg]
[bragg.mx/wp-content/uploads/2023/08/Ellipse_69_48a7cdc6-838c-453c-a10a-dcfbea00bcc7.png]
[bragg.mx/wp-content/uploads/2023/08/1912-05.jpg]
[bragg.mx/wp-content/uploads/2023/08/1912-03.jpg]
[bragg.mx/wp-content/uploads/2023/08/1920-03-1.png]
[bragg.mx/wp-content/uploads/2023/08/1920-03-1-320x220.png]
[bragg.mx/wp-content/uploads/2023/08/Group_907.png]
[bragg.mx/wp-content/uploads/2023/08/1920-06-1.png]
[bragg.mx/wp-content/uploads/2023/08/1920-02-1.png]
[bragg.mx/wp-content/uploads/2023/09/1940-3.jpg]
[bragg.mx/wp-content/uploads/2023/09/1940-3-320x220.jpg]
[bragg.mx/wp-content/uploads/2023/09/1940-5-1.jpg]
[bragg.mx/wp-content/uploads/2023/09/1940-06-1.jpg]
[bragg.mx/wp-content/uploads/2023/09/Ellipse_98-1.jpg]
[bragg.mx/wp-content/uploads/2023/09/1960-8.jpg]
[bragg.mx/wp-content/uploads/2023/09/1960-8-320x220.jpg]
[bragg.mx/wp-content/uploads/2023/09/1960-06.jpg]
[bragg.mx/wp-content/uploads/2023/09/1960-07.jpg]
[bragg.mx/wp-content/uploads/2023/09/Group_1307.jpg]
[bragg.mx/wp-content/uploads/2023/09/1980-6.jpg]
[bragg.mx/wp-content/uploads/2023/09/1980-6-320x220.jpg]
[bragg.mx/wp-content/uploads/2023/09/1980-01.jpg]
[bragg.mx/wp-content/uploads/2023/09/1980-05.jpg]
[bragg.mx/wp-content/uploads/2023/09/1980-08.jpg]
[bragg.mx/wp-content/uploads/2023/09/Ellipse_95.jpg]
[bragg.mx/wp-content/uploads/2023/09/2000-front.jpg]
[bragg.mx/wp-content/uploads/2023/09/2000-front-320x220.jpg]
[bragg.mx/wp-content/uploads/2023/09/2000-03.jpg]
[bragg.mx/wp-content/uploads/2023/09/2000-02.jpg]
[bragg.mx/wp-content/uploads/2023/09/Ellipse_96.jpg]
[bragg.mx/wp-content/uploads/2023/09/actualidad-1.jpg]
[bragg.mx/wp-content/uploads/2023/09/actualidad-1-320x220.jpg]
[bragg.mx/wp-content/uploads/2023/09/actualidad-2.jpg]
[bragg.mx/wp-content/uploads/2023/09/today-02.jpg]
[bragg.mx/wp-content/uploads/2023/09/today-paul_patricia.jpg]
[bragg.mx/wp-content/plugins/wp-timelines/js/ex_s_lick/ex_s_lick84fc.js]
[bragg.mx/wp-content/plugins/wp-timelines/js/ex_s_lick/slick-lightbox84fc.js]
[bragg.mx/acerca-de/index.html]
[bragg.mx/wp-content/plugins/wp-timelines/js/template.min84fc.js]
[bragg.mx/wp-json/wp/v2/pages/888.json]
[bragg.mx/wp-json/oembed/1.0/embeda595.json]
[bragg.mx/wp-json/oembed/1.0/embed6567]
[bragg.mx/wp-content/uploads/2023/08/Vinagre-de-manzana-nota.jpg]
[bragg.mx/wp-content/uploads/2023/08/Prueba-un-tónico-de-vinagre-para-una-piel-naturalmente-radiante-.jpg]
[bragg.mx/wp-content/uploads/2023/08/beneficios-de-un-bano-con-vinagre-.jpg]
[bragg.mx/wp-content/uploads/2023/08/elimina-esmalte-de-unas.jpg]
[bragg.mx/vinagre-de-sidra-de-manzana-101/index.html]
[bragg.mx/nuestra-diferencia-vital/index.html]
[bragg.mx/prueba-un-tonico-de-vinagre-para-una-piel-naturalmente-radiante/index.html]
[bragg.mx/wellness/index.html]
[bragg.mx/elimina-el-esmalte-de-unas-de-forma-sana-y-organica/index.html]
[bragg.mx/disfruta-de-los-beneficios-de-un-bano-con-vinagre/index.html]
[bragg.mx/wp-json/wp/v2/pages/1176.json]
[bragg.mx/wp-json/oembed/1.0/embed4230.json]
[bragg.mx/wp-json/oembed/1.0/embedb379]
[bragg.mx/wp-content/uploads/2023/10/Noodle-Pad-Thai-de-Camote.jpg]
[bragg.mx/wp-content/uploads/2023/10/Papas-fritas-con-queso-y-hierbas.jpg]
[bragg.mx/noodle-pad-thai-de-camote/index.html]
[bragg.mx/wp-content/uploads/2023/10/Fettuccine-alfredo-vegano-con-ajo-asado.jpg]
[bragg.mx/category/recetas/index.html]
[bragg.mx/wp-content/uploads/2023/08/palillos-mozzarella.jpg]
[bragg.mx/papas-fritas-con-queso-y-hierbas/index.html]
[bragg.mx/wp-content/uploads/2023/08/brochetas-marinadas-1.jpg]
[bragg.mx/fettuccine-alfredo-vegano-con-ajo-asado/index.html]
[bragg.mx/palitos-de-mozzarella-veganos/index.html]
[bragg.mx/wp-content/uploads/2023/08/enchiladas-veganas-1.jpg]
[bragg.mx/brochetas-adobadas/index.html]
[bragg.mx/wp-content/uploads/2023/08/galletas-de-queso-vegano-y-hierbas.jpg]
[bragg.mx/wp-content/uploads/2023/08/galletas-de-chocolate-y-macadimia.jpg]
[bragg.mx/enchiladas-veganas/index.html]
[bragg.mx/galletas-veganas-de-queso-y-hierbas/index.html]
[bragg.mx/wp-content/uploads/2023/08/guacamole-1.jpg]
[bragg.mx/galletas-de-chocolate-y-macadamia/index.html]
[bragg.mx/wp-content/uploads/2023/08/queso-vegano-1.jpg]
[bragg.mx/guacamole/index.html]
[bragg.mx/recetas/index.html]
[bragg.mx/queso-vegano/index.html]
[bragg.mx/wp-json/wp/v2/pages/4012.json]
[bragg.mx/wp-json/oembed/1.0/embed79fe.json]
[bragg.mx/contacto/index.html]
[bragg.mx/wp-content/uploads/2023/08/logo-desktop-1.svg]
[bragg.mx/wp-content/plugins/elementor-pro/assets/css/widget-theme-elements.min.css]
[bragg.mx/wp-json/oembed/1.0/embedd9c7]
[bragg.mx/producto/vinagre-de-manzana/feed/index.html]
[bragg.mx/wp-content/plugins/woocommerce/assets/js/zoom/jquery.zoom.mine101.js]
[bragg.mx/wp-content/plugins/woocommerce/assets/js/flexslider/jquery.flexslider.mind58c.js]
[bragg.mx/wp-content/plugins/woocommerce/assets/js/photoswipe/photoswipe.min8f8c.js]
[bragg.mx/wp-content/plugins/woocommerce/assets/js/photoswipe/photoswipe-ui-default.min8f8c.js]
[bragg.mx/wp-content/plugins/woocommerce/assets/js/frontend/single-product.min2678.js]
[bragg.mx/wp-json/wp/v2/product/216.json]
[bragg.mx/wp-json/oembed/1.0/embed2a7c.json]
[bragg.mx/wp-json/oembed/1.0/embed14e6]
[bragg.mx/wp-content/uploads/2024/01/vinagre-de-manzana-front-473-2-600x600.jpg]
[bragg.mx/wp-content/uploads/2024/01/vinagre-de-manzana-front-473-back.jpg]
[bragg.mx/wp-content/uploads/2024/01/vinagre-de-manzana-front-473-back-600x600.jpg]
[bragg.mx/producto/vinagre-de-manzana/index.html]
[bragg.mx/wp-json/wp/v2/product/1279.json]
[bragg.mx/producto/aminos-liquidos/feed/index.html]
[bragg.mx/wp-json/oembed/1.0/embedb54f.json]
[bragg.mx/wp-json/oembed/1.0/embed994d]
[bragg.mx/wp-content/uploads/2023/08/aminos-liquidos-front-600x600.jpg]
[bragg.mx/wp-content/uploads/2023/08/aminos-liquidos-back.jpg]
[bragg.mx/wp-content/uploads/2023/08/aminos-liquidos-back-600x600.jpg]
[bragg.mx/wp-content/uploads/2023/12/tabla-nutrimental-liquido-aminos.jpg]
[bragg.mx/wp-content/uploads/2023/12/tabla-nutrimental-liquido-aminos-600x600.jpg]
[bragg.mx/producto/aminos-liquidos/index.html]
[bragg.mx/wp-json/wp/v2/product/1300.json]
[bragg.mx/producto/levadura-nutricional-sin-gluten/feed/index.html]
[bragg.mx/wp-json/oembed/1.0/embedbd94.json]
[bragg.mx/wp-json/oembed/1.0/embed43dc]
[bragg.mx/wp-content/uploads/2023/08/levadura-nutricional-sin-gluten-front-600x600.jpg]
[bragg.mx/wp-content/uploads/2023/12/tabla-nutrimental-levadura-nutricional.jpg]
[bragg.mx/wp-content/uploads/2023/12/tabla-nutrimental-levadura-nutricional-600x600.jpg]
[bragg.mx/producto/levadura-nutricional-sin-gluten/index.html]
[bragg.mx/wp-content/plugins/elementor-pro/assets/css/widget-loop-builder.min.css]
[bragg.mx/wp-content/plugins/elementor/assets/css/widget-icon-list.min.css]
[bragg.mx/wp-json/wp/v2/product/219.json]
[bragg.mx/producto/aminos-de-coco/feed/index.html]
[bragg.mx/wp-json/oembed/1.0/embedd342.json]
[bragg.mx/wp-json/oembed/1.0/embed3764]
[bragg.mx/wp-content/uploads/2023/08/FM199BI341_SVCBOCLA10_IMD-600x450.jpg]
[bragg.mx/wp-content/uploads/2023/08/PR74BI340_SVCBOCLA_Coconut_Aminos_IMD.jpg]
[bragg.mx/wp-content/uploads/2023/08/PR74BI340_SVCBOCLA_Coconut_Aminos_IMD-600x450.jpg]
[bragg.mx/wp-content/uploads/2023/08/PR74BI342_SVCBOCLA_Coconut_Aminos_IMD.jpg]
[bragg.mx/wp-content/uploads/2023/08/PR74BI342_SVCBOCLA_Coconut_Aminos_IMD-600x450.jpg]
[bragg.mx/wp-content/uploads/2023/12/tabla-nutrimental-aminos-cocos.jpg]
[bragg.mx/wp-content/uploads/2023/12/tabla-nutrimental-aminos-cocos-600x600.jpg]
[bragg.mx/producto/aminos-de-coco/index.html]
[bragg.mx/wp-json/wp/v2/product/215.json]
[bragg.mx/producto/aceite-de-oliva/feed/index.html]
[bragg.mx/wp-json/oembed/1.0/embed334c.json]
[bragg.mx/wp-json/oembed/1.0/embedc903]
[bragg.mx/wp-content/uploads/2023/08/Aceite_SVCBOO_Extra_Virgin_Olive_Oil_IMD-600x450.jpg]
[bragg.mx/wp-content/uploads/2023/08/aceite-de-oliva-side.jpg]
[bragg.mx/wp-content/uploads/2023/08/aceite-de-oliva-side-600x600.jpg]
[bragg.mx/wp-content/uploads/2023/12/tabla-nutrimental-aceite.jpg]
[bragg.mx/wp-content/uploads/2023/12/tabla-nutrimental-aceite-600x600.jpg]
[bragg.mx/producto/aceite-de-oliva/index.html]
[bragg.mx/tratamiento-para-pies-con-vinagre-de-sidra-de-manzana-2/feed/index.html]
[bragg.mx/wp-json/wp/v2/posts/968.json]
[bragg.mx/wp-json/oembed/1.0/embedb454.json]
[bragg.mx/wp-json/oembed/1.0/embedf587]
[bragg.mx/tratamiento-para-pies-con-vinagre-de-sidra-de-manzana-2/index.html]
[bragg.mx/wp-content/uploads/2023/08/banner-newsletter.png]
[bragg.mx/wp-json/wp/v2/categories/33.json]
[bragg.mx/category/wellness/index.html]
[bragg.mx/category/wellness/feed/index.html]
[bragg.mx/wp-json/wp/v2/posts/967.json]
[bragg.mx/desintoxica-tu-piel-como-una-experta/feed/index.html]
[bragg.mx/wp-json/oembed/1.0/embedda6c.json]
[bragg.mx/wp-json/oembed/1.0/embed6ee3]
[bragg.mx/wp-content/uploads/2023/08/Desintoxica-tu-piel-como-una-experta-1.jpg]
[bragg.mx/wp-content/uploads/2023/08/Desintoxica-tu-piel-como-una-experta-2.jpg]
[bragg.mx/desintoxica-tu-piel-como-una-experta/index.html]
[bragg.mx/aviso-de-privacidad/feed/index.html]
[bragg.mx/wp-json/wp/v2/pages/3362.json]
[bragg.mx/wp-json/oembed/1.0/embed7823.json]
[bragg.mx/aviso-de-privacidad/index.html]
[bragg.mx/wp-json/oembed/1.0/embed00fb]
[bragg.mx/terminos-y-condiciones/feed/index.html]
[bragg.mx/wp-json/wp/v2/pages/3.json]
[bragg.mx/wp-json/oembed/1.0/embed2ee8.json]
[bragg.mx/terminos-y-condiciones/index.html]
[bragg.mx/wp-content/uploads/elementor/css/post-1010bd7d.css]
[bragg.mx/wp-json/oembed/1.0/embed6f90]
[bragg.mx/wp-content/plugins/elementor/assets/lib/font-awesome/webfonts/fa-regular-400.eot]
[bragg.mx/wp-content/plugins/elementor/assets/lib/font-awesome/webfonts/fa-regular-400d41d.eot]
[bragg.mx/wp-content/plugins/elementor/assets/lib/font-awesome/webfonts/fa-regular-400.woff2]
[bragg.mx/wp-content/plugins/elementor/assets/lib/font-awesome/webfonts/fa-regular-400.woff]
[bragg.mx/wp-content/plugins/elementor/assets/lib/font-awesome/webfonts/fa-regular-400.ttf]
[bragg.mx/wp-content/plugins/elementor/assets/lib/font-awesome/css/regular.min52d5.css]
[bragg.mx/wp-content/plugins/elementor/assets/lib/animations/animations.minf3b2.css]
[bragg.mx/wp-content/plugins/revslider/public/assets/fonts/revicons/revicons90c6.eot]
[bragg.mx/wp-content/plugins/revslider/public/assets/fonts/revicons/revicons90c6.ttf]
[bragg.mx/wp-content/plugins/revslider/public/assets/assets/gridtile.png]
[bragg.mx/wp-content/plugins/revslider/public/assets/assets/gridtile_white.png]
[bragg.mx/wp-content/plugins/revslider/public/assets/assets/gridtile_3x3.png]
[bragg.mx/wp-content/plugins/revslider/public/assets/assets/gridtile_3x3_white.png]
[bragg.mx/wp-content/plugins/revslider/public/assets/assets/coloredbg.png]
[bragg.mx/wp-content/plugins/revslider/public/assets/assets/loader.gif]
[bragg.mx/wp-content/plugins/revslider/public/assets/css/rs6847e.css]
[bragg.mx/wp-content/plugins/woocommerce/assets/fonts/star.svg]
[bragg.mx/wp-content/plugins/woocommerce/assets/fonts/WooCommerce.svg]
[bragg.mx/wp-content/plugins/woocommerce/assets/images/icons/loader.svg]
[bragg.mx/wp-content/plugins/woocommerce/assets/images/icons/credit-cards/visa.svg]
[bragg.mx/wp-content/plugins/woocommerce/assets/images/icons/credit-cards/mastercard.svg]
[bragg.mx/wp-content/plugins/woocommerce/assets/images/icons/credit-cards/laser.svg]
[bragg.mx/wp-content/plugins/woocommerce/assets/images/icons/credit-cards/diners.svg]
[bragg.mx/wp-content/plugins/woocommerce/assets/images/icons/credit-cards/maestro.svg]
[bragg.mx/wp-content/plugins/woocommerce/assets/images/icons/credit-cards/jcb.svg]
[bragg.mx/wp-content/plugins/woocommerce/assets/images/icons/credit-cards/amex.svg]
[bragg.mx/wp-content/plugins/woocommerce/assets/images/icons/credit-cards/discover.svg]
[bragg.mx/wp-content/plugins/wp-timelines/css/font-awesome/fonts/fontawesome-webfont3e6e.svg]
[bragg.mx/wp-content/plugins/wp-timelines/js/ex_s_lick/fonts/ex_s_lick.svg]
[bragg.mx/wp-content/plugins/elementor/assets/lib/eicons/fonts/eicons080a.svg]
[bragg.mx/wp-content/plugins/elementor/assets/lib/font-awesome/webfonts/fa-solid-900.svg]
[bragg.mx/wp-content/plugins/elementor/assets/lib/font-awesome/webfonts/fa-brands-400.svg]
[bragg.mx/wp-content/uploads/elementor/css/post-716b534.css]
[bragg.mx/index7e39.html]
[bragg.mx/wp-content/plugins/elementor/assets/css/widget-icon-box.min.css]
[bragg.mx/wp-json/wp/v2/product/1282.json]
[bragg.mx/producto/bebida-de-vinagre-de-manzana-organica-con-canela/feed/index.html]
[bragg.mx/wp-json/oembed/1.0/embed8131.json]
[bragg.mx/wp-json/oembed/1.0/embed6382]
[bragg.mx/wp-content/uploads/2023/08/bebida-de-vinagre-de-manzana-organica-con-canela-front-600x600.jpg]
[bragg.mx/wp-content/uploads/2023/08/bebida-de-vinagre-de-manzana-organica-con-canela-back.jpg]
[bragg.mx/wp-content/uploads/2023/08/bebida-de-vinagre-de-manzana-organica-con-canela-back-600x600.jpg]
[bragg.mx/wp-content/uploads/2023/12/tabla-nutrimental-bebida-vinagre-manzana-y-canela.jpg]
[bragg.mx/wp-content/uploads/2023/12/tabla-nutrimental-bebida-vinagre-manzana-y-canela-600x600.jpg]
[bragg.mx/producto/bebida-de-vinagre-de-manzana-organica-con-canela/index.html]
[bragg.mx/wp-json/wp/v2/product/1297.json]
[bragg.mx/producto/bebida-de-vinagre-de-manzana-organica-con-granada-y-cereza/feed/index.html]
[bragg.mx/wp-json/oembed/1.0/embed1d7a.json]
[bragg.mx/wp-json/oembed/1.0/embed7bb7]
[bragg.mx/wp-content/uploads/2023/08/bebida-de-vinagre-de-manzana-organica-con-granada-y-cereza-front-600x600.jpg]
[bragg.mx/wp-content/uploads/2023/08/bebida-de-vinagre-de-manzana-organica-con-granada-y-cereza-back.jpg]
[bragg.mx/wp-content/uploads/2023/08/bebida-de-vinagre-de-manzana-organica-con-granada-y-cereza-back-600x600.jpg]
[bragg.mx/wp-content/uploads/2023/12/tabla-nutrimental-frambuesa-fresa.jpg]
[bragg.mx/wp-content/uploads/2023/12/tabla-nutrimental-frambuesa-fresa-600x600.jpg]
[bragg.mx/producto/bebida-de-vinagre-de-manzana-organica-con-granada-y-cereza/index.html]
[bragg.mx/wp-json/wp/v2/product/1285.json]
[bragg.mx/producto/bebida-de-vinagre-de-manzana-organica-con-uva-y-jamaica/feed/index.html]
[bragg.mx/wp-json/oembed/1.0/embed9e02.json]
[bragg.mx/wp-json/oembed/1.0/embed31de]
[bragg.mx/wp-content/uploads/2023/08/bebida-de-vinagre-de-manzana-organica-con-uva-y-jamaica-front-600x600.jpg]
[bragg.mx/wp-content/uploads/2023/08/bebida-de-vinagre-de-manzana-organica-con-uva-y-jamaica-back.jpg]
[bragg.mx/wp-content/uploads/2023/08/bebida-de-vinagre-de-manzana-organica-con-uva-y-jamaica-back-600x600.jpg]
[bragg.mx/wp-content/uploads/2023/12/bebida-jamaica-uva.jpg]
[bragg.mx/wp-content/uploads/2023/12/bebida-jamaica-uva-600x600.jpg]
[bragg.mx/producto/bebida-de-vinagre-de-manzana-organica-con-uva-y-jamaica/index.html]
[bragg.mx/wp-json/wp/v2/product/1288.json]
[bragg.mx/producto/bebida-de-vinagre-de-manzana-organica-con-jengibre-limon-y-miel/feed/index.html]
[bragg.mx/wp-json/oembed/1.0/embedb7cb.json]
[bragg.mx/wp-json/oembed/1.0/embed8938]
[bragg.mx/wp-content/uploads/2023/08/bebida-de-vinagre-de-manzana-organica-con-jengibre-limon-y-miel-front-600x600.jpg]
[bragg.mx/wp-content/uploads/2023/08/bebida-de-vinagre-de-manzana-organica-con-jengibre-limon-y-miel-back.jpg]
[bragg.mx/wp-content/uploads/2023/08/bebida-de-vinagre-de-manzana-organica-con-jengibre-limon-y-miel-back-600x600.jpg]
[bragg.mx/wp-content/uploads/2023/12/tabla-nutrimental-bebida-jengibre-limon.jpg]
[bragg.mx/wp-content/uploads/2023/12/tabla-nutrimental-bebida-jengibre-limon-600x600.jpg]
[bragg.mx/producto/bebida-de-vinagre-de-manzana-organica-con-jengibre-limon-y-miel/index.html]
[bragg.mx/wp-json/wp/v2/product/1294.json]
[bragg.mx/producto/bebida-de-vinagre-de-manzana-organica-con-mezcla-de-citricos/feed/index.html]
[bragg.mx/wp-json/oembed/1.0/embed0e3a.json]
[bragg.mx/wp-json/oembed/1.0/embed9beb]
[bragg.mx/wp-content/uploads/2023/08/Bebida-de-vinagre-de-manzana-organica-con-mezcla-de-citricos-front-600x600.jpg]
[bragg.mx/wp-content/uploads/2023/08/Bebida-de-vinagre-de-manzana-organica-con-mezcla-de-citricos-back.jpg]
[bragg.mx/wp-content/uploads/2023/08/Bebida-de-vinagre-de-manzana-organica-con-mezcla-de-citricos-back-600x600.jpg]
[bragg.mx/wp-content/uploads/2023/12/tabla-nutrimental-bebida-lima-citrus.jpg]
[bragg.mx/wp-content/uploads/2023/12/tabla-nutrimental-bebida-lima-citrus-600x600.jpg]
[bragg.mx/producto/bebida-de-vinagre-de-manzana-organica-con-mezcla-de-citricos/index.html]
[bragg.mx/wp-json/wp/v2/product/1291.json]
[bragg.mx/producto/bebida-de-vinagre-de-manzana-organica-con-miel-y-te-verde/feed/index.html]
[bragg.mx/wp-json/oembed/1.0/embeddd5d.json]
[bragg.mx/wp-json/oembed/1.0/embedf55a]
[bragg.mx/wp-content/uploads/2023/08/bebida-de-vinagre-de-manzana-organica-con-miel-y-te-verde-front-600x600.jpg]
[bragg.mx/wp-content/uploads/2023/08/bebida-de-vinagre-de-manzana-organica-con-miel-y-te-verde-back.jpg]
[bragg.mx/wp-content/uploads/2023/08/bebida-de-vinagre-de-manzana-organica-con-miel-y-te-verde-back-600x600.jpg]
[bragg.mx/wp-content/uploads/2023/12/tabla-nutrimental-bebida-miel-te-verde.jpg]
[bragg.mx/wp-content/uploads/2023/12/tabla-nutrimental-bebida-miel-te-verde-600x600.jpg]
[bragg.mx/producto/bebida-de-vinagre-de-manzana-organica-con-miel-y-te-verde/index.html]
[bragg.mx/wp-json/wp/v2/product/1277.json]
[bragg.mx/producto/aminos-liquidos-en-spray/feed/index.html]
[bragg.mx/wp-json/oembed/1.0/embed25ed.json]
[bragg.mx/wp-json/oembed/1.0/embedc846]
[bragg.mx/wp-content/uploads/2023/08/aminos-liquido-cover-600x600.jpg]
[bragg.mx/wp-content/uploads/2023/12/tabla-nutrimental-aminos-spray.jpg]
[bragg.mx/wp-content/uploads/2023/12/tabla-nutrimental-aminos-spray-600x600.jpg]
[bragg.mx/producto/aminos-liquidos-en-spray/index.html]
[bragg.mx/wp-json/wp/v2/product/1269.json]
[bragg.mx/producto/aderezo-organico-de-jengibre-y-ajonjoli/feed/index.html]
[bragg.mx/wp-json/oembed/1.0/embede4da.json]
[bragg.mx/wp-json/oembed/1.0/embed7a1b]
[bragg.mx/wp-content/uploads/2023/08/aderezo-organico-de-jengibre-y-ajonjoli-front-600x600.jpg]
[bragg.mx/wp-content/uploads/2023/08/aderezo-organico-de-jengibre-y-ajonjoli-back.jpg]
[bragg.mx/wp-content/uploads/2023/08/aderezo-organico-de-jengibre-y-ajonjoli-back-600x600.jpg]
[bragg.mx/wp-content/uploads/2023/12/tabla-nutrimental-jengibre.jpg]
[bragg.mx/wp-content/uploads/2023/12/tabla-nutrimental-jengibre-600x600.jpg]
[bragg.mx/producto/aderezo-organico-de-jengibre-y-ajonjoli/index.html]
[bragg.mx/wp-json/wp/v2/product/1302.json]
[bragg.mx/producto/levadura-nutricional-sin-gluten-sabor-ajo/feed/index.html]
[bragg.mx/wp-json/oembed/1.0/embed186d.json]
[bragg.mx/wp-json/oembed/1.0/embedca6b]
[bragg.mx/wp-content/uploads/2023/08/sazonador-de-levadura-nutricional-y-ajo-front-600x600.jpg]
[bragg.mx/wp-content/uploads/2023/08/sazonador-de-levadura-nutricional-y-ajo-side.jpg]
[bragg.mx/wp-content/uploads/2023/08/sazonador-de-levadura-nutricional-y-ajo-side-600x600.jpg]
[bragg.mx/wp-content/uploads/2023/12/tabla-nutrimental-ajo.jpg]
[bragg.mx/wp-content/uploads/2023/12/tabla-nutrimental-ajo-600x600.jpg]
[bragg.mx/producto/levadura-nutricional-sin-gluten-sabor-ajo/index.html]
[bragg.mx/wp-json/wp/v2/product/1309.json]
[bragg.mx/producto/levadura-nutricional-sin-gluten-sabor-bbq/feed/index.html]
[bragg.mx/wp-json/oembed/1.0/embed7914.json]
[bragg.mx/wp-json/oembed/1.0/embed981e]
[bragg.mx/wp-content/uploads/2023/08/levadura-nutricional-sin-gluten-sabor-bbq-front-1-600x600.jpg]
[bragg.mx/wp-content/uploads/2023/08/levadura-nutricional-sin-gluten-sabor-bbq-side-1.jpg]
[bragg.mx/wp-content/uploads/2023/08/levadura-nutricional-sin-gluten-sabor-bbq-side-1-600x600.jpg]
[bragg.mx/wp-content/uploads/2023/08/levadura-nutricional-sin-gluten-sabor-bbq-back-1.jpg]
[bragg.mx/wp-content/uploads/2023/08/levadura-nutricional-sin-gluten-sabor-bbq-back-1-600x600.jpg]
[bragg.mx/wp-content/uploads/2023/12/tabla-nutrimental-bbq.jpg]
[bragg.mx/wp-content/uploads/2023/12/tabla-nutrimental-bbq-600x600.jpg]
[bragg.mx/producto/levadura-nutricional-sin-gluten-sabor-bbq/index.html]
[bragg.mx/wp-json/wp/v2/product/1328.json]
[bragg.mx/producto/sazonador-organico-24-hierbas/feed/index.html]
[bragg.mx/wp-json/oembed/1.0/embed9ee5.json]
[bragg.mx/wp-json/oembed/1.0/embedcb3d]
[bragg.mx/wp-content/uploads/2023/08/sazonador-24-hierbas-front-600x600.jpg]
[bragg.mx/wp-content/uploads/2023/08/sazonador-24-hierbas-side.jpg]
[bragg.mx/wp-content/uploads/2023/08/sazonador-24-hierbas-side-600x600.jpg]
[bragg.mx/wp-content/uploads/2023/12/tabla-nutrimental-24-hiervas.jpg]
[bragg.mx/wp-content/uploads/2023/12/tabla-nutrimental-24-hiervas-600x600.jpg]
[bragg.mx/producto/sazonador-organico-24-hierbas/index.html]
[bragg.mx/wp-json/wp/v2/product/1341.json]
[bragg.mx/producto/shot-de-vinagre-de-manzana-con-jengibre-y-curcuma/feed/index.html]
[bragg.mx/wp-json/oembed/1.0/embedab7c.json]
[bragg.mx/wp-json/oembed/1.0/embedf998]
[bragg.mx/wp-content/uploads/2023/09/shot-de-vinagre-de-manzana-con-jengibre-y-curcuma-front-600x600.jpg]
[bragg.mx/wp-content/uploads/2023/09/shot-de-vinagre-de-manzana-con-jengibre-y-curcuma-back.jpg]
[bragg.mx/wp-content/uploads/2023/09/shot-de-vinagre-de-manzana-con-jengibre-y-curcuma-back-600x600.jpg]
[bragg.mx/wp-content/uploads/2023/12/shots.jpg]
[bragg.mx/wp-content/uploads/2023/12/shots-600x600.jpg]
[bragg.mx/wp-content/uploads/2023/12/tabla-nutrimental-shots.jpg]
[bragg.mx/wp-content/uploads/2023/12/tabla-nutrimental-shots-600x600.jpg]
[bragg.mx/producto/shot-de-vinagre-de-manzana-con-jengibre-y-curcuma/index.html]
[bragg.mx/wp-json/wp/v2/product/1261.json]
[bragg.mx/producto/vinagreta-organica/feed/index.html]
[bragg.mx/wp-json/oembed/1.0/embedfafc.json]
[bragg.mx/wp-json/oembed/1.0/embeddff8]
[bragg.mx/wp-content/uploads/2023/08/vinagreta-organica-front-600x600.jpg]
[bragg.mx/wp-content/uploads/2023/08/vinagreta-organica-back.jpg]
[bragg.mx/wp-content/uploads/2023/08/vinagreta-organica-back-600x600.jpg]
[bragg.mx/wp-content/uploads/2023/12/tabla-nutrimental-vinagreta-organica.jpg]
[bragg.mx/wp-content/uploads/2023/12/tabla-nutrimental-vinagreta-organica-600x600.jpg]
[bragg.mx/producto/vinagreta-organica/index.html]
[bragg.mx/wp-json/wp/v2/product/1272.json]
[bragg.mx/producto/vinagreta-organica-sin-aceite/feed/index.html]
[bragg.mx/wp-json/oembed/1.0/embed9f1e.json]
[bragg.mx/wp-json/oembed/1.0/embed70e8]
[bragg.mx/wp-content/uploads/2023/08/vinagreta-organica-sin-aceite-front-600x600.jpg]
[bragg.mx/wp-content/uploads/2023/08/vinagreta-organica-sin-aceite-back.jpg]
[bragg.mx/wp-content/uploads/2023/08/vinagreta-organica-sin-aceite-back-600x600.jpg]
[bragg.mx/wp-content/uploads/2023/12/tabla-nutrimental-vinagreta.jpg]
[bragg.mx/wp-content/uploads/2023/12/tabla-nutrimental-vinagreta-600x600.jpg]
[bragg.mx/producto/vinagreta-organica-sin-aceite/index.html]
[bragg.mx/productos/index1006.html]
[bragg.mx/wp-content/uploads/elementor/css/post-23699941.css]
[bragg.mx/wp-content/plugins/wp-grid-builder/frontend/assets/css/facetsc245.css]
[bragg.mx/wp-content/wpgb/facets/colors9802.css]
[bragg.mx/wp-content/uploads/elementor/css/post-596f594.css]
[bragg.mx/indexbc2b.html]
[bragg.mx/wp-content/plugins/wp-timelines/js/ex_s_lick/slick-lightbox84fc.css]
[bragg.mx/wp-content/uploads/2023/08/wellness-banner.jpg]
[bragg.mx/wp-content/uploads/elementor/css/post-88868be.css]
[bragg.mx/indexc052.html]
[bragg.mx/wp-json/wp/v2/pages/2430.json]
[bragg.mx/wp-json/oembed/1.0/embede18c.json]
[bragg.mx/wp-json/oembed/1.0/embedfe2b]
[bragg.mx/wp-content/uploads/2023/08/themother-300x300.png]
[bragg.mx/wp-content/uploads/2023/08/aceticacid-300x300.png]
[bragg.mx/wp-content/uploads/2023/08/nutritionalyeast-300x300.png]
[bragg.mx/wp-content/uploads/2023/08/liquidaminos-300x300.png]
[bragg.mx/wp-content/uploads/2023/08/prebiotics-300x300.png]
[bragg.mx/wp-content/uploads/2023/08/organicapples-300x300.png]
[bragg.mx/wp-content/uploads/2023/08/unfiltered-300x300.png]
[bragg.mx/wp-content/uploads/2023/09/Pasteurizar-300x300.png]
[bragg.mx/nuestra-diferencia-vital/index.html]
[bragg.mx/wp-json/wp/v2/posts/966.json]
[bragg.mx/vinagre-de-sidra-de-manzana-101/feed/index.html]
[bragg.mx/wp-json/oembed/1.0/embed6f20.json]
[bragg.mx/vinagre-de-sidra-de-manzana-101/index.html]
[bragg.mx/wp-json/oembed/1.0/embed60e6]
[bragg.mx/wp-json/wp/v2/posts/965.json]
[bragg.mx/prueba-un-tonico-de-vinagre-para-una-piel-naturalmente-radiante/feed/index.html]
[bragg.mx/wp-json/oembed/1.0/embed7d0e.json]
[bragg.mx/prueba-un-tonico-de-vinagre-para-una-piel-naturalmente-radiante/index.html]
[bragg.mx/wp-json/oembed/1.0/embed967e]
[bragg.mx/wp-json/wp/v2/posts/961.json]
[bragg.mx/disfruta-de-los-beneficios-de-un-bano-con-vinagre/feed/index.html]
[bragg.mx/wp-json/oembed/1.0/embede7ce.json]
[bragg.mx/disfruta-de-los-beneficios-de-un-bano-con-vinagre/index.html]
[bragg.mx/wp-json/oembed/1.0/embed362e]
[bragg.mx/wp-json/wp/v2/posts/420.json]
[bragg.mx/elimina-el-esmalte-de-unas-de-forma-sana-y-organica/feed/index.html]
[bragg.mx/wp-json/oembed/1.0/embed6629.json]
[bragg.mx/elimina-el-esmalte-de-unas-de-forma-sana-y-organica/index.html]
[bragg.mx/wp-content/uploads/elementor/css/post-522fb5a.css]
[bragg.mx/wp-json/oembed/1.0/embed838f]
[bragg.mx/wp-content/uploads/elementor/css/post-11764358.css]
[bragg.mx/index3195.html]
[bragg.mx/wp-content/uploads/2023/09/usos-full1.jpg]
[bragg.mx/noodle-pad-thai-de-camote/feed/index.html]
[bragg.mx/wp-json/wp/v2/posts/3292.json]
[bragg.mx/wp-json/oembed/1.0/embede2c8.json]
[bragg.mx/wp-json/oembed/1.0/embed73cf]
[bragg.mx/noodle-pad-thai-de-camote/index.html]
[bragg.mx/wp-content/uploads/2023/10/Aceite_SVCBOO_Extra_Virgin_Olive_Oil_IMD-300x225.jpg]
[bragg.mx/wp-json/wp/v2/categories/40.json]
[bragg.mx/category/recetas/index.html]
[bragg.mx/category/recetas/feed/index.html]
[bragg.mx/papas-fritas-con-queso-y-hierbas/feed/index.html]
[bragg.mx/wp-json/wp/v2/posts/3282.json]
[bragg.mx/wp-json/oembed/1.0/embeddf9d.json]
[bragg.mx/wp-json/oembed/1.0/embed80a9]
[bragg.mx/papas-fritas-con-queso-y-hierbas/index.html]
[bragg.mx/wp-content/uploads/2023/10/levadura-nutricional-sin-gluten-front-300x300.jpg]
[bragg.mx/fettuccine-alfredo-vegano-con-ajo-asado/feed/index.html]
[bragg.mx/wp-json/wp/v2/posts/3270.json]
[bragg.mx/wp-json/oembed/1.0/embed921b.json]
[bragg.mx/wp-json/oembed/1.0/embed8f2b]
[bragg.mx/fettuccine-alfredo-vegano-con-ajo-asado/index.html]
[bragg.mx/wp-content/uploads/2023/10/sazonador-de-levadura-nutricional-y-ajo-front-300x300.jpg]
[bragg.mx/palitos-de-mozzarella-veganos/feed/index.html]
[bragg.mx/wp-json/wp/v2/posts/1134.json]
[bragg.mx/wp-json/oembed/1.0/embed0631.json]
[bragg.mx/wp-json/oembed/1.0/embedf2ae]
[bragg.mx/palitos-de-mozzarella-veganos/index.html]
[bragg.mx/wp-content/uploads/2023/08/levadura-nutricional-sin-gluten-sabor-bbq-front-1-2-300x300.jpg]
[bragg.mx/brochetas-adobadas/feed/index.html]
[bragg.mx/wp-json/wp/v2/posts/1129.json]
[bragg.mx/wp-json/oembed/1.0/embedc3d9.json]
[bragg.mx/wp-json/oembed/1.0/embedc527]
[bragg.mx/brochetas-adobadas/index.html]
[bragg.mx/wp-content/uploads/2023/08/vinagre-de-manzana-front-946-1-300x300.jpg]
[bragg.mx/enchiladas-veganas/feed/index.html]
[bragg.mx/wp-json/wp/v2/posts/1124.json]
[bragg.mx/wp-json/oembed/1.0/embedc883.json]
[bragg.mx/wp-json/oembed/1.0/embedcc42]
[bragg.mx/enchiladas-veganas/index.html]
[bragg.mx/wp-content/uploads/2023/08/Aceite_SVCBOO_Extra_Virgin_Olive_Oil_IMD-1-300x225.jpg]
[bragg.mx/galletas-veganas-de-queso-y-hierbas/feed/index.html]
[bragg.mx/wp-json/wp/v2/posts/1118.json]
[bragg.mx/wp-json/oembed/1.0/embed0d2e.json]
[bragg.mx/wp-json/oembed/1.0/embed6e98]
[bragg.mx/galletas-veganas-de-queso-y-hierbas/index.html]
[bragg.mx/wp-content/uploads/2023/08/levadura-nutricional-sin-gluten-front-1-300x300.jpg]
[bragg.mx/galletas-de-chocolate-y-macadamia/feed/index.html]
[bragg.mx/wp-json/wp/v2/posts/1112.json]
[bragg.mx/wp-json/oembed/1.0/embed258b.json]
[bragg.mx/wp-json/oembed/1.0/embedd9ab]
[bragg.mx/galletas-de-chocolate-y-macadamia/index.html]
[bragg.mx/wp-content/uploads/2023/08/Aceite_SVCBOO_Extra_Virgin_Olive_Oil_IMD-2-300x225.jpg]
[bragg.mx/guacamole/feed/index.html]
[bragg.mx/wp-json/wp/v2/posts/1108.json]
[bragg.mx/wp-json/oembed/1.0/embed353c.json]
[bragg.mx/wp-json/oembed/1.0/embed68e6]
[bragg.mx/guacamole/index.html]
[bragg.mx/wp-content/uploads/2023/08/vinagre-de-manzana-front-946-2-300x300.jpg]
[bragg.mx/queso-vegano/feed/index.html]
[bragg.mx/wp-json/wp/v2/posts/1105.json]
[bragg.mx/wp-json/oembed/1.0/embeded9e.json]
[bragg.mx/wp-json/oembed/1.0/embed41a7]
[bragg.mx/queso-vegano/index.html]
[bragg.mx/wp-content/uploads/elementor/css/post-40127522.css]
[bragg.mx/index0b2d.html]
[bragg.mx/wp-includes/css/dist/block-library/style.min84fc.css]
[bragg.mx/wp-content/uploads/2023/08/levadura-nutricional-sin-gluten-front-2-300x300.jpg]
[bragg.mx/wp-content/plugins/woocommerce/assets/css/photoswipe/default-skin/default-skin.png]
[bragg.mx/wp-content/plugins/woocommerce/assets/css/photoswipe/photoswipe.min2678.css]
[bragg.mx/wp-content/plugins/woocommerce/assets/css/photoswipe/default-skin/preloader.gif]
[bragg.mx/wp-content/plugins/woocommerce/assets/css/photoswipe/default-skin/default-skin.min2678.css]
[bragg.mx/wp-content/uploads/elementor/css/post-143eea1.css]
[bragg.mx/index4659.html]
[bragg.mx/wp-content/plugins/elementor-pro/assets/css/widget-woocommerce.min.css]
[bragg.mx/wp-content/uploads/2023/08/paloma-1.svg]
[bragg.mx/wp-content/uploads/2023/08/Agita-suavemente.svg]
[bragg.mx/wp-content/uploads/2023/08/Mezcla-una-cucharada.svg]
[bragg.mx/wp-content/uploads/2023/08/Utiliza-el-vinagre.svg]
[bragg.mx/wp-content/uploads/2023/08/Usalo-como-tonico.svg]
[bragg.mx/index2d4b.html]
[bragg.mx/wp-content/uploads/2023/08/paloma-8.svg]
[bragg.mx/wp-content/uploads/2023/08/Refrigera-8.svg]
[bragg.mx/wp-content/uploads/2023/08/Usalo-como-sustituto-2.svg]
[bragg.mx/wp-content/uploads/2023/08/Usalo-como-sazonador.svg]
[bragg.mx/index2610.html]
[bragg.mx/wp-content/uploads/2023/08/paloma-14.svg]
[bragg.mx/wp-content/uploads/2023/08/Usala-de-la-misma-manera-2.svg]
[bragg.mx/wp-content/uploads/2023/08/Espolvoreala-2.svg]
[bragg.mx/wp-content/uploads/2023/08/Usala-sobre-palomitas-2.svg]
[bragg.mx/index50f6.html]
[bragg.mx/wp-content/uploads/2023/08/paloma-10.svg]
[bragg.mx/wp-content/uploads/2023/08/Refrigera-6.svg]
[bragg.mx/wp-content/uploads/2023/08/Usalo-como-sustituto.svg]
[bragg.mx/wp-content/uploads/2023/08/Usalo-como-sazonador-2.svg]
[bragg.mx/indexd7c9.html]
[bragg.mx/wp-content/uploads/2023/08/paloma-11.svg]
[bragg.mx/wp-content/uploads/2023/08/Almacenalo-en-un-lugar.svg]
[bragg.mx/wp-content/uploads/2023/08/Anadelo-a-tus-recetas.svg]
[bragg.mx/wp-content/uploads/2023/08/Utilizalo-como-tratamiento.svg]
[bragg.mx/wp-content/uploads/2023/08/Usalo-como-aceite.svg]
[bragg.mx/wp-content/uploads/elementor/css/post-5476844.css]
[bragg.mx/index6b6d.html]
[bragg.mx/index2dce.html]
[bragg.mx/wp-content/uploads/elementor/css/post-33626392.css]
[bragg.mx/index6c1f.html]
[bragg.mx/wp-content/uploads/elementor/css/post-364e2.css]
[bragg.mx/index2207.html]
[bragg.mx/wp-content/plugins/elementor/assets/lib/font-awesome/webfonts/fa-regular-400.svg]
[bragg.mx/wp-content/plugins/revslider/public/assets/fonts/revicons/revicons90c6.svg]
[bragg.mx/wp-content/plugins/revslider/public/assets/css/openhand.html]
[bragg.mx/wp-content/plugins/revslider/public/assets/css/closedhand.html]
[bragg.mx/indexad28.html]
[bragg.mx/wp-content/uploads/2023/08/paloma-4.svg]
[bragg.mx/wp-content/uploads/2023/08/Refrigera.svg]
[bragg.mx/wp-content/uploads/2023/08/Llevalos-contigo.svg]
[bragg.mx/index214b.html]
[bragg.mx/wp-content/uploads/2023/08/paloma-7.svg]
[bragg.mx/wp-content/uploads/2023/08/Refrigera-5.svg]
[bragg.mx/wp-content/uploads/2023/08/Llevalos-contigo-5.svg]
[bragg.mx/index78a2.html]
[bragg.mx/wp-content/uploads/2023/08/paloma-5.svg]
[bragg.mx/wp-content/uploads/2023/08/Refrigera-1.svg]
[bragg.mx/wp-content/uploads/2023/08/Llevalos-contigo-1.svg]
[bragg.mx/index2ef2.html]
[bragg.mx/wp-content/uploads/2023/08/paloma-3.svg]
[bragg.mx/wp-content/uploads/2023/08/Refrigera-2.svg]
[bragg.mx/wp-content/uploads/2023/08/Llevalos-contigo-2.svg]
[bragg.mx/indexc804.html]
[bragg.mx/wp-content/uploads/2023/08/paloma-6.svg]
[bragg.mx/wp-content/uploads/2023/08/Refrigera-4.svg]
[bragg.mx/wp-content/uploads/2023/08/Llevalos-contigo-4.svg]
[bragg.mx/index3c2a.html]
[bragg.mx/wp-content/uploads/2023/08/paloma-2.svg]
[bragg.mx/wp-content/uploads/2023/08/Refrigera-3.svg]
[bragg.mx/wp-content/uploads/2023/08/Llevalos-contigo-3.svg]
[bragg.mx/indexa414.html]
[bragg.mx/wp-content/uploads/2023/08/paloma-9.svg]
[bragg.mx/wp-content/uploads/2023/08/Refrigera-7.svg]
[bragg.mx/wp-content/uploads/2023/08/Usalo-como-sustituto-1.svg]
[bragg.mx/wp-content/uploads/2023/08/Usalo-como-sazonador-1.svg]
[bragg.mx/index71f3.html]
[bragg.mx/wp-content/uploads/2023/08/paloma-13.svg]
[bragg.mx/wp-content/uploads/2023/08/Agita-antes-de-usarlo-1.svg]
[bragg.mx/wp-content/uploads/2023/08/Vierte-sobre-una-ensalada-1.svg]
[bragg.mx/wp-content/uploads/2023/08/Usalo-como-marinado-1.svg]
[bragg.mx/wp-content/uploads/2023/08/Sopas-pastas-y-granos-1.svg]
[bragg.mx/index3c55.html]
[bragg.mx/wp-content/uploads/2023/08/paloma-15.svg]
[bragg.mx/wp-content/uploads/2023/08/Usala-de-la-misma-manera-1.svg]
[bragg.mx/wp-content/uploads/2023/08/Espolvoreala-1.svg]
[bragg.mx/wp-content/uploads/2023/08/Usala-sobre-palomitas-1.svg]
[bragg.mx/indexdc32.html]
[bragg.mx/wp-content/uploads/2023/08/paloma-16.svg]
[bragg.mx/wp-content/uploads/2023/08/Usala-de-la-misma-manera.svg]
[bragg.mx/wp-content/uploads/2023/08/Espolvoreala.svg]
[bragg.mx/wp-content/uploads/2023/08/Usala-sobre-palomitas.svg]
[bragg.mx/index8d07.html]
[bragg.mx/wp-content/uploads/2023/09/paloma-2.svg]
[bragg.mx/wp-content/uploads/2023/09/Espolvorea-sobre-tus-platillos.svg]
[bragg.mx/wp-content/uploads/2023/09/Agreaglo-mientras-cocinas.svg]
[bragg.mx/index42a6.html]
[bragg.mx/wp-content/uploads/2023/09/paloma-1.svg]
[bragg.mx/wp-content/uploads/2023/09/Agita-toma-y-disfruta-1.svg]
[bragg.mx/wp-content/uploads/2023/09/Puedes-beber-uno-al-dia.svg]
[bragg.mx/wp-content/uploads/2023/09/Tomalo-todo.svg]
[bragg.mx/index4511.html]
[bragg.mx/wp-content/uploads/2023/08/Agita-antes-de-usarlo-3.svg]
[bragg.mx/wp-content/uploads/2023/08/Vierte-sobre-una-ensalada.svg]
[bragg.mx/wp-content/uploads/2023/08/Usalo-como-marinado-3.svg]
[bragg.mx/wp-content/uploads/2023/08/Sopas-pastas-y-granos.svg]
[bragg.mx/wp-content/uploads/2023/08/paloma-17.svg]
[bragg.mx/index0916.html]
[bragg.mx/wp-content/uploads/2023/08/paloma-12.svg]
[bragg.mx/wp-content/uploads/2023/08/Agita-antes-de-usarlo-4.svg]
[bragg.mx/wp-content/uploads/2023/08/Vierte-sobre-una-ensalada-2.svg]
[bragg.mx/wp-content/uploads/2023/08/Usalo-como-marinado-4.svg]
[bragg.mx/wp-content/uploads/2023/08/Sopas-pastas-y-granos-2.svg]
[bragg.mx/wp-content/uploads/elementor/css/post-24307119.css]
[bragg.mx/index8f6a.html]
[bragg.mx/index9011.html]
[bragg.mx/indexe2ec.html]
[bragg.mx/indexf14d.html]
[bragg.mx/index17d3.html]
[bragg.mx/wp-content/uploads/elementor/css/post-32920d05.css]
[bragg.mx/wp-content/uploads/elementor/css/post-3055ccdb.css]
[bragg.mx/index68e4.html]
[bragg.mx/wp-content/uploads/elementor/css/post-3282fdcc.css]
[bragg.mx/index6d8d.html]
[bragg.mx/wp-content/uploads/elementor/css/post-32702ac9.css]
[bragg.mx/index6734.html]
[bragg.mx/wp-content/uploads/elementor/css/post-1134ad2d.css]
[bragg.mx/index6635.html]
[bragg.mx/wp-content/uploads/elementor/css/post-1129eb65.css]
[bragg.mx/index6b36.html]
[bragg.mx/wp-content/uploads/elementor/css/post-11248766.css]
[bragg.mx/indexd832.html]
[bragg.mx/wp-content/uploads/elementor/css/post-1118533a.css]
[bragg.mx/index576e.html]
[bragg.mx/wp-content/uploads/elementor/css/post-11126b09.css]
[bragg.mx/index6dbe.html]
[bragg.mx/wp-content/uploads/elementor/css/post-110843e3.css]
[bragg.mx/index9fb6.html]
[bragg.mx/wp-content/uploads/elementor/css/post-11053044.css]
[bragg.mx/index26b0.html]
[bragg.mx/wp-content/plugins/woocommerce/assets/css/photoswipe/default-skin/default-skin.svg]
